// Jest Snapshot v1, https://goo.gl/fbAQLP

exports[`CardBody molecule tests CardBody component render 1`] = `
<div
  class="card-body"
>
  <div
    class="details"
  >
    This is a detail
  </div>
  <a
    class="card-action "
    href="This is a link"
  >
     
    See more
     
  </a>
</div>
`;
